[INFO] [1791075860.521238332] [hall_mission]: hall mission (frame_check): pad (0.0, 0.0) -> scan (35.0, 0.0) -> pad, alt 2.0 m, 1.2 m/s, clearance 0.95 m
[INFO] [1791075862.490885254] [hall_mission]: arm + offboard requested
[INFO] [1791075871.790677691] [hall_mission]: airborne at 1.8 m - starting frame_check
[INFO] [1791075875.790715373] [hall_mission]: frame_check point 0: PX4 ENU (2.76,0.00)
[INFO] [1791075880.090782852] [hall_mission]: frame_check point 1: PX4 ENU (3.10,2.79)
[INFO] [1791075886.090834765] [hall_mission]: frame_check point 2: PX4 ENU (0.16,0.18)
[INFO] [1791075886.091168471] [hall_mission]: LEG frame_check: 14.3 s
[INFO] [1791075894.090680426] [hall_mission]: === HALL MISSION ===
[INFO] [1791075894.091019170] [hall_mission]:   frame_check    14.3 s
[INFO] [1791075894.091269875] [hall_mission]:   land            8.0 s
[INFO] [1791075894.091569617] [hall_mission]:   TOTAL          22.3 s  (0.37 min)
[INFO] [1791075894.091890603] [hall_mission]:   decisions: stale_hold 0%, stop 0%, turn_first 0%, boxed_in 0%, go 0%
[INFO] [1791075894.092313648] [hall_mission]:   detection messages 311, map cells 112
[INFO] [1791075894.092581246] [hall_mission]:   status: complete - returned to pad and landed
Traceback (most recent call last):
  File "/home/shaash/ws_px4/install/drone_eval/lib/drone_eval/hall_mission", line 33, in <module>
    sys.exit(load_entry_point('drone-eval', 'console_scripts', 'hall_mission')())
  File "/home/shaash/ws_px4/build/drone_eval/drone_eval/hall_mission.py", line 627, in main
    rclpy.spin(n)
  File "/opt/ros/humble/local/lib/python3.10/dist-packages/rclpy/__init__.py", line 229, in spin
    executor.spin_once()
  File "/opt/ros/humble/local/lib/python3.10/dist-packages/rclpy/executors.py", line 808, in spin_once
    self._spin_once_impl(timeout_sec)
  File "/opt/ros/humble/local/lib/python3.10/dist-packages/rclpy/executors.py", line 805, in _spin_once_impl
    raise handler.exception()
  File "/opt/ros/humble/local/lib/python3.10/dist-packages/rclpy/task.py", line 272, in _execute_coroutine_step
    result = coro.send(None)
  File "/opt/ros/humble/local/lib/python3.10/dist-packages/rclpy/executors.py", line 488, in handler
    await call_coroutine(entity, arg)
  File "/opt/ros/humble/local/lib/python3.10/dist-packages/rclpy/executors.py", line 396, in _execute_timer
    await await_or_execute(tmr.callback)
  File "/opt/ros/humble/local/lib/python3.10/dist-packages/rclpy/executors.py", line 110, in await_or_execute
    return callback(*args)
  File "/home/shaash/ws_px4/build/drone_eval/drone_eval/hall_mission.py", line 497, in tick
    self.nav_log.write(json.dumps({"t": round(t, 3), "px4": [
ValueError: I/O operation on closed file.
[ros2run]: Process exited with failure 1
