[INFO] [1791072728.542180589] [state_estimator]: camera+IMU fusion: accel bias 0.02 m/s2, gyro bias 0.002 rad/s, 4 gate landmarks
[INFO] [1791072738.498842947] [state_estimator]: imu_only err   0.00 m | camera+imu err  0.00 m | fixes 0 | imu updates 168
[INFO] [1791072743.516753334] [state_estimator]: imu_only err   0.38 m | camera+imu err  0.17 m | fixes 49 | imu updates 1387
[INFO] [1791072748.499884331] [state_estimator]: imu_only err   3.14 m | camera+imu err  0.26 m | fixes 97 | imu updates 2611
[INFO] [1791072753.501511345] [state_estimator]: imu_only err   4.88 m | camera+imu err  1.08 m | fixes 136 | imu updates 3853
[INFO] [1791072758.514426805] [state_estimator]: imu_only err   6.28 m | camera+imu err  8.48 m | fixes 153 | imu updates 5093
[INFO] [1791072763.506473096] [state_estimator]: imu_only err   8.94 m | camera+imu err  8.28 m | fixes 178 | imu updates 6331
[INFO] [1791072768.538270508] [state_estimator]: imu_only err  11.64 m | camera+imu err 11.33 m | fixes 203 | imu updates 7559
[INFO] [1791072773.510108881] [state_estimator]: imu_only err  15.48 m | camera+imu err 15.84 m | fixes 226 | imu updates 8633
[INFO] [1791072778.502881464] [state_estimator]: imu_only err  19.16 m | camera+imu err 18.14 m | fixes 271 | imu updates 9858
[INFO] [1791072783.494345633] [state_estimator]: imu_only err  22.97 m | camera+imu err 20.02 m | fixes 281 | imu updates 10920
[INFO] [1791072788.494186186] [state_estimator]: imu_only err  22.97 m | camera+imu err 20.02 m | fixes 281 | imu updates 10920
[INFO] [1791072793.493849623] [state_estimator]: imu_only err  22.97 m | camera+imu err 20.02 m | fixes 281 | imu updates 10920
[INFO] [1791072798.494163270] [state_estimator]: imu_only err  22.97 m | camera+imu err 20.02 m | fixes 281 | imu updates 10920
[INFO] [1791072803.493802148] [state_estimator]: imu_only err  22.97 m | camera+imu err 20.02 m | fixes 281 | imu updates 10920
[INFO] [1791072808.493605160] [state_estimator]: imu_only err  22.97 m | camera+imu err 20.02 m | fixes 281 | imu updates 10920
[INFO] [1791072813.493902843] [state_estimator]: imu_only err  22.97 m | camera+imu err 20.02 m | fixes 281 | imu updates 10920
[INFO] [1791072818.493627218] [state_estimator]: imu_only err  22.97 m | camera+imu err 20.02 m | fixes 281 | imu updates 10920
[INFO] [1791072823.494365969] [state_estimator]: imu_only err  22.97 m | camera+imu err 20.02 m | fixes 281 | imu updates 10920
[INFO] [1791072828.493526918] [state_estimator]: imu_only err  22.97 m | camera+imu err 20.02 m | fixes 281 | imu updates 10920
[INFO] [1791072833.493972388] [state_estimator]: imu_only err  22.97 m | camera+imu err 20.02 m | fixes 281 | imu updates 10920
[INFO] [1791072838.493889875] [state_estimator]: imu_only err  22.97 m | camera+imu err 20.02 m | fixes 281 | imu updates 10920
[INFO] [1791072843.494273190] [state_estimator]: imu_only err  22.97 m | camera+imu err 20.02 m | fixes 281 | imu updates 10920
[INFO] [1791072848.493670548] [state_estimator]: imu_only err  22.97 m | camera+imu err 20.02 m | fixes 281 | imu updates 10920
[INFO] [1791072853.493675297] [state_estimator]: imu_only err  22.97 m | camera+imu err 20.02 m | fixes 281 | imu updates 10920
[INFO] [1791072858.493619519] [state_estimator]: imu_only err  22.97 m | camera+imu err 20.02 m | fixes 281 | imu updates 10920
[INFO] [1791072863.493817237] [state_estimator]: imu_only err  22.97 m | camera+imu err 20.02 m | fixes 281 | imu updates 10920
[INFO] [1791072868.493445730] [state_estimator]: imu_only err  22.97 m | camera+imu err 20.02 m | fixes 281 | imu updates 10920
[INFO] [1791072873.493736250] [state_estimator]: imu_only err  22.97 m | camera+imu err 20.02 m | fixes 281 | imu updates 10920
[INFO] [1791072878.493187359] [state_estimator]: imu_only err  22.97 m | camera+imu err 20.02 m | fixes 281 | imu updates 10920
[INFO] [1791072883.493390732] [state_estimator]: imu_only err  22.97 m | camera+imu err 20.02 m | fixes 281 | imu updates 10920
[INFO] [1791072888.493890199] [state_estimator]: imu_only err  22.97 m | camera+imu err 20.02 m | fixes 281 | imu updates 10920
[INFO] [1791072893.494027602] [state_estimator]: imu_only err  22.97 m | camera+imu err 20.02 m | fixes 281 | imu updates 10920
[INFO] [1791072898.493993227] [state_estimator]: imu_only err  22.97 m | camera+imu err 20.02 m | fixes 281 | imu updates 10920
[INFO] [1791072903.493809665] [state_estimator]: imu_only err  22.97 m | camera+imu err 20.02 m | fixes 281 | imu updates 10920
[INFO] [1791072908.493487430] [state_estimator]: imu_only err  22.97 m | camera+imu err 20.02 m | fixes 281 | imu updates 10920
[INFO] [1791072913.493489909] [state_estimator]: imu_only err  22.97 m | camera+imu err 20.02 m | fixes 281 | imu updates 10920
[INFO] [1791072918.493847554] [state_estimator]: imu_only err  22.97 m | camera+imu err 20.02 m | fixes 281 | imu updates 10920
[INFO] [1791072923.493529872] [state_estimator]: imu_only err  22.97 m | camera+imu err 20.02 m | fixes 281 | imu updates 10920
[INFO] [1791072928.493468917] [state_estimator]: imu_only err  22.97 m | camera+imu err 20.02 m | fixes 281 | imu updates 10920
[INFO] [1791072933.493202972] [state_estimator]: imu_only err  22.97 m | camera+imu err 20.02 m | fixes 281 | imu updates 10920
[INFO] [1791072938.494044016] [state_estimator]: imu_only err  22.97 m | camera+imu err 20.02 m | fixes 281 | imu updates 10920
[INFO] [1791072943.494286857] [state_estimator]: imu_only err  22.97 m | camera+imu err 20.02 m | fixes 281 | imu updates 10920
[INFO] [1791072948.493459894] [state_estimator]: imu_only err  22.97 m | camera+imu err 20.02 m | fixes 281 | imu updates 10920
[INFO] [1791072953.493419027] [state_estimator]: imu_only err  22.97 m | camera+imu err 20.02 m | fixes 281 | imu updates 10920
[INFO] [1791072958.493485734] [state_estimator]: imu_only err  22.97 m | camera+imu err 20.02 m | fixes 281 | imu updates 10920
[INFO] [1791072963.493661836] [state_estimator]: imu_only err  22.97 m | camera+imu err 20.02 m | fixes 281 | imu updates 10920
[INFO] [1791072969.095394075] [state_estimator]: imu_only err  22.97 m | camera+imu err 20.02 m | fixes 281 | imu updates 10920
[INFO] [1791072973.494090919] [state_estimator]: imu_only err  22.97 m | camera+imu err 20.02 m | fixes 281 | imu updates 10920
[INFO] [1791072978.493601112] [state_estimator]: imu_only err  22.97 m | camera+imu err 20.02 m | fixes 281 | imu updates 10920
[INFO] [1791072983.493467939] [state_estimator]: imu_only err  22.97 m | camera+imu err 20.02 m | fixes 281 | imu updates 10920
[INFO] [1791072988.493505443] [state_estimator]: imu_only err  22.97 m | camera+imu err 20.02 m | fixes 281 | imu updates 10920
[INFO] [1791072993.493481665] [state_estimator]: imu_only err  22.97 m | camera+imu err 20.02 m | fixes 281 | imu updates 10920
[INFO] [1791072998.493631792] [state_estimator]: imu_only err  22.97 m | camera+imu err 20.02 m | fixes 281 | imu updates 10920
[INFO] [1791073003.495570875] [state_estimator]: imu_only err  22.97 m | camera+imu err 20.02 m | fixes 281 | imu updates 10920
[INFO] [1791073008.493161578] [state_estimator]: imu_only err  22.97 m | camera+imu err 20.02 m | fixes 281 | imu updates 10920
[INFO] [1791073013.493514509] [state_estimator]: imu_only err  22.97 m | camera+imu err 20.02 m | fixes 281 | imu updates 10920
[INFO] [1791073018.493368937] [state_estimator]: imu_only err  22.97 m | camera+imu err 20.02 m | fixes 281 | imu updates 10920
[INFO] [1791073023.493485964] [state_estimator]: imu_only err  22.97 m | camera+imu err 20.02 m | fixes 281 | imu updates 10920
[INFO] [1791073028.493989833] [state_estimator]: imu_only err  22.97 m | camera+imu err 20.02 m | fixes 281 | imu updates 10920
[INFO] [1791073033.493523375] [state_estimator]: imu_only err  22.97 m | camera+imu err 20.02 m | fixes 281 | imu updates 10920
[INFO] [1791073038.493814051] [state_estimator]: imu_only err  22.97 m | camera+imu err 20.02 m | fixes 281 | imu updates 10920
[INFO] [1791073043.494181985] [state_estimator]: imu_only err  22.97 m | camera+imu err 20.02 m | fixes 281 | imu updates 10920
[INFO] [1791073048.494022853] [state_estimator]: imu_only err  22.97 m | camera+imu err 20.02 m | fixes 281 | imu updates 10920
[INFO] [1791073053.494059649] [state_estimator]: imu_only err  22.97 m | camera+imu err 20.02 m | fixes 281 | imu updates 10920
[INFO] [1791073058.493644467] [state_estimator]: imu_only err  22.97 m | camera+imu err 20.02 m | fixes 281 | imu updates 10920
[INFO] [1791073063.494457923] [state_estimator]: imu_only err  22.97 m | camera+imu err 20.02 m | fixes 281 | imu updates 10920
[INFO] [1791073069.087281621] [state_estimator]: imu_only err  22.97 m | camera+imu err 20.02 m | fixes 281 | imu updates 10920
[INFO] [1791073073.493440760] [state_estimator]: imu_only err  22.97 m | camera+imu err 20.02 m | fixes 281 | imu updates 10920
[INFO] [1791073078.493924491] [state_estimator]: imu_only err  22.97 m | camera+imu err 20.02 m | fixes 281 | imu updates 10920
[INFO] [1791073083.494284527] [state_estimator]: imu_only err  22.97 m | camera+imu err 20.02 m | fixes 281 | imu updates 10920
[INFO] [1791073088.493445163] [state_estimator]: imu_only err  22.97 m | camera+imu err 20.02 m | fixes 281 | imu updates 10920
[INFO] [1791073093.493310494] [state_estimator]: imu_only err  22.97 m | camera+imu err 20.02 m | fixes 281 | imu updates 10920
[INFO] [1791073098.493341791] [state_estimator]: imu_only err  22.97 m | camera+imu err 20.02 m | fixes 281 | imu updates 10920
[INFO] [1791073103.493693003] [state_estimator]: imu_only err  22.97 m | camera+imu err 20.02 m | fixes 281 | imu updates 10920
[INFO] [1791073108.493741862] [state_estimator]: imu_only err  22.97 m | camera+imu err 20.02 m | fixes 281 | imu updates 10920
[INFO] [1791073113.493299351] [state_estimator]: imu_only err  22.97 m | camera+imu err 20.02 m | fixes 281 | imu updates 10920
[INFO] [1791073118.493553854] [state_estimator]: imu_only err  22.97 m | camera+imu err 20.02 m | fixes 281 | imu updates 10920
[INFO] [1791073123.493181709] [state_estimator]: imu_only err  22.97 m | camera+imu err 20.02 m | fixes 281 | imu updates 10920
[INFO] [1791073128.493534564] [state_estimator]: imu_only err  22.97 m | camera+imu err 20.02 m | fixes 281 | imu updates 10920
[INFO] [1791073133.493624197] [state_estimator]: imu_only err  22.97 m | camera+imu err 20.02 m | fixes 281 | imu updates 10920
[INFO] [1791073138.493611564] [state_estimator]: imu_only err  22.97 m | camera+imu err 20.02 m | fixes 281 | imu updates 10920
[INFO] [1791073143.493802536] [state_estimator]: imu_only err  22.97 m | camera+imu err 20.02 m | fixes 281 | imu updates 10920
[INFO] [1791073148.493215861] [state_estimator]: imu_only err  22.97 m | camera+imu err 20.02 m | fixes 281 | imu updates 10920
[INFO] [1791073153.494428395] [state_estimator]: imu_only err  22.97 m | camera+imu err 20.02 m | fixes 281 | imu updates 10920
[INFO] [1791073158.493628145] [state_estimator]: imu_only err  22.97 m | camera+imu err 20.02 m | fixes 281 | imu updates 10920
[INFO] [1791073163.493739682] [state_estimator]: imu_only err  22.97 m | camera+imu err 20.02 m | fixes 281 | imu updates 10920
[INFO] [1791073168.736741971] [state_estimator]: imu_only err  22.97 m | camera+imu err 20.02 m | fixes 281 | imu updates 10920
[INFO] [1791073173.493334124] [state_estimator]: imu_only err  22.97 m | camera+imu err 20.02 m | fixes 281 | imu updates 10920
[INFO] [1791073178.493339089] [state_estimator]: imu_only err  22.97 m | camera+imu err 20.02 m | fixes 281 | imu updates 10920
[INFO] [1791073183.494043527] [state_estimator]: imu_only err  22.97 m | camera+imu err 20.02 m | fixes 281 | imu updates 10920
[INFO] [1791073188.493157486] [state_estimator]: imu_only err  22.97 m | camera+imu err 20.02 m | fixes 281 | imu updates 10920
[INFO] [1791073193.493428947] [state_estimator]: imu_only err  22.97 m | camera+imu err 20.02 m | fixes 281 | imu updates 10920
[INFO] [1791073198.493782519] [state_estimator]: imu_only err  22.97 m | camera+imu err 20.02 m | fixes 281 | imu updates 10920
[INFO] [1791073203.493616272] [state_estimator]: imu_only err  22.97 m | camera+imu err 20.02 m | fixes 281 | imu updates 10920
[INFO] [1791073208.494345586] [state_estimator]: imu_only err  22.97 m | camera+imu err 20.02 m | fixes 281 | imu updates 10920
[INFO] [1791073213.493471843] [state_estimator]: imu_only err  22.97 m | camera+imu err 20.02 m | fixes 281 | imu updates 10920
[INFO] [1791073218.494604741] [state_estimator]: imu_only err  22.97 m | camera+imu err 20.02 m | fixes 281 | imu updates 10920
[INFO] [1791073223.493113341] [state_estimator]: imu_only err  22.97 m | camera+imu err 20.02 m | fixes 281 | imu updates 10920
[INFO] [1791073228.494184581] [state_estimator]: imu_only err  22.97 m | camera+imu err 20.02 m | fixes 281 | imu updates 10920
[INFO] [1791073233.493653749] [state_estimator]: imu_only err  22.97 m | camera+imu err 20.02 m | fixes 281 | imu updates 10920
[INFO] [1791073238.493472767] [state_estimator]: imu_only err  22.97 m | camera+imu err 20.02 m | fixes 281 | imu updates 10920
[INFO] [1791073243.494073839] [state_estimator]: imu_only err  22.97 m | camera+imu err 20.02 m | fixes 281 | imu updates 10920
[INFO] [1791073248.493853712] [state_estimator]: imu_only err  22.97 m | camera+imu err 20.02 m | fixes 281 | imu updates 10920
[INFO] [1791073253.493508562] [state_estimator]: imu_only err  22.97 m | camera+imu err 20.02 m | fixes 281 | imu updates 10920
[INFO] [1791073258.493705268] [state_estimator]: imu_only err  22.97 m | camera+imu err 20.02 m | fixes 281 | imu updates 10920
[INFO] [1791073263.494701220] [state_estimator]: imu_only err  22.97 m | camera+imu err 20.02 m | fixes 281 | imu updates 10920
[INFO] [1791073268.493790659] [state_estimator]: imu_only err  22.97 m | camera+imu err 20.02 m | fixes 281 | imu updates 10920
[INFO] [1791073273.494257929] [state_estimator]: imu_only err  22.97 m | camera+imu err 20.02 m | fixes 281 | imu updates 10920
[INFO] [1791073278.494138203] [state_estimator]: imu_only err  22.97 m | camera+imu err 20.02 m | fixes 281 | imu updates 10920
[INFO] [1791073283.494644635] [state_estimator]: imu_only err  22.97 m | camera+imu err 20.02 m | fixes 281 | imu updates 10920
[INFO] [1791073287.243081776] [state_estimator]: wrote /home/shaash/drone_sim/out/runs/watch_9x45_pi5/state_estimate.json: IMU-only RMS 22.217 m, camera+IMU RMS 19.41 m (1.14x better)
Failed to publish log message to rosout: publisher's context is invalid, at ./src/rcl/publisher.c:389
