[INFO] [1791098269.395780757] [hall_mission]: hall mission (mission): pad (0.0, 0.0) -> scan (35.0, 0.0) -> pad, alt 2.0 m, 1.2 m/s, clearance 0.95 m
[INFO] [1791098271.371853300] [hall_mission]: arm + offboard requested
[INFO] [1791098280.371351344] [hall_mission]: airborne at 1.8 m - starting mission
[INFO] [1791098348.071971769] [hall_mission]: LEG outbound: 67.7 s
[INFO] [1791098360.071026045] [hall_mission]: LEG scan: 12.0 s
[INFO] [1791098410.571549377] [hall_mission]: LEG inbound: 50.5 s
[INFO] [1791098420.571239740] [hall_mission]: === HALL MISSION ===
[INFO] [1791098420.571662339] [hall_mission]:   outbound       67.7 s
[INFO] [1791098420.571958060] [hall_mission]:   scan           12.0 s
[INFO] [1791098420.572215131] [hall_mission]:   inbound        50.5 s
[INFO] [1791098420.572442610] [hall_mission]:   land           10.0 s
[INFO] [1791098420.572672853] [hall_mission]:   TOTAL         140.2 s  (2.34 min)
[INFO] [1791098420.572911741] [hall_mission]:   decisions: stale_hold 1%, stop 3%, turn_first 14%, boxed_in 6%, go 76%
[INFO] [1791098420.574083248] [hall_mission]:   detection messages 1402, map cells 2077
[INFO] [1791098420.574355491] [hall_mission]:   global plans 112 (0 without a path), 41 ms median, 91 ms max
[INFO] [1791098420.574609525] [hall_mission]:   status: complete - returned to pad and landed
Traceback (most recent call last):
  File "/home/shaash/ws_px4/install/drone_eval/lib/drone_eval/hall_mission", line 33, in <module>
    sys.exit(load_entry_point('drone-eval', 'console_scripts', 'hall_mission')())
  File "/home/shaash/ws_px4/build/drone_eval/drone_eval/hall_mission.py", line 696, in main
    rclpy.spin(n)
  File "/opt/ros/humble/local/lib/python3.10/dist-packages/rclpy/__init__.py", line 229, in spin
    executor.spin_once()
  File "/opt/ros/humble/local/lib/python3.10/dist-packages/rclpy/executors.py", line 808, in spin_once
    self._spin_once_impl(timeout_sec)
  File "/opt/ros/humble/local/lib/python3.10/dist-packages/rclpy/executors.py", line 805, in _spin_once_impl
    raise handler.exception()
  File "/opt/ros/humble/local/lib/python3.10/dist-packages/rclpy/task.py", line 272, in _execute_coroutine_step
    result = coro.send(None)
  File "/opt/ros/humble/local/lib/python3.10/dist-packages/rclpy/executors.py", line 488, in handler
    await call_coroutine(entity, arg)
  File "/opt/ros/humble/local/lib/python3.10/dist-packages/rclpy/executors.py", line 396, in _execute_timer
    await await_or_execute(tmr.callback)
  File "/opt/ros/humble/local/lib/python3.10/dist-packages/rclpy/executors.py", line 110, in await_or_execute
    return callback(*args)
  File "/home/shaash/ws_px4/build/drone_eval/drone_eval/hall_mission.py", line 565, in tick
    self.nav_log.write(json.dumps({"t": round(t, 3), "px4": [
ValueError: I/O operation on closed file.
[ros2run]: Process exited with failure 1
