[INFO] [1791069200.052291318] [state_estimator]: camera+IMU fusion: accel bias 0.02 m/s2, gyro bias 0.002 rad/s, 4 gate landmarks
[INFO] [1791069215.022998084] [state_estimator]: imu_only err   1.61 m | camera+imu err  0.04 m | fixes 40 | imu updates 1052
[INFO] [1791069220.027397050] [state_estimator]: imu_only err   1.19 m | camera+imu err  0.40 m | fixes 88 | imu updates 2184
[INFO] [1791069225.038285113] [state_estimator]: imu_only err   2.54 m | camera+imu err  6.51 m | fixes 112 | imu updates 3314
[INFO] [1791069230.024036892] [state_estimator]: imu_only err   4.84 m | camera+imu err  8.44 m | fixes 124 | imu updates 4473
[INFO] [1791069235.056891453] [state_estimator]: imu_only err   7.12 m | camera+imu err 13.01 m | fixes 136 | imu updates 5301
[INFO] [1791069240.039518944] [state_estimator]: imu_only err  11.27 m | camera+imu err 14.39 m | fixes 154 | imu updates 6379
[INFO] [1791069245.021985118] [state_estimator]: imu_only err  16.97 m | camera+imu err 18.04 m | fixes 197 | imu updates 7541
[INFO] [1791069250.020327412] [state_estimator]: imu_only err  23.25 m | camera+imu err 18.18 m | fixes 247 | imu updates 8674
[INFO] [1791069255.033440861] [state_estimator]: imu_only err  30.98 m | camera+imu err 19.36 m | fixes 266 | imu updates 9786
[INFO] [1791069260.033404685] [state_estimator]: imu_only err  38.43 m | camera+imu err 23.21 m | fixes 266 | imu updates 10923
[INFO] [1791069265.051355988] [state_estimator]: imu_only err  46.56 m | camera+imu err 27.32 m | fixes 266 | imu updates 12056
[INFO] [1791069270.030532773] [state_estimator]: imu_only err  51.51 m | camera+imu err 31.68 m | fixes 266 | imu updates 12845
[INFO] [1791069275.031033354] [state_estimator]: imu_only err  59.43 m | camera+imu err 24.09 m | fixes 270 | imu updates 13959
[INFO] [1791069280.037423632] [state_estimator]: imu_only err  67.96 m | camera+imu err 18.09 m | fixes 316 | imu updates 15093
[INFO] [1791069285.025968830] [state_estimator]: imu_only err  76.45 m | camera+imu err 15.09 m | fixes 342 | imu updates 16266
[INFO] [1791069290.044641762] [state_estimator]: imu_only err  84.59 m | camera+imu err 12.88 m | fixes 389 | imu updates 17442
[INFO] [1791069295.018000622] [state_estimator]: imu_only err  92.03 m | camera+imu err 10.36 m | fixes 405 | imu updates 18604
[INFO] [1791069300.305514271] [state_estimator]: imu_only err  98.14 m | camera+imu err  6.17 m | fixes 413 | imu updates 19511
[INFO] [1791069305.031518614] [state_estimator]: imu_only err 105.40 m | camera+imu err  0.12 m | fixes 454 | imu updates 20582
[INFO] [1791069307.436234596] [state_estimator]: wrote /home/shaash/drone_sim/out/runs/factory_mission_9x45_pi5/state_estimate.json: IMU-only RMS 54.586 m, camera+IMU RMS 16.826 m (3.24x better)
