[INFO] [1791098008.606022352] [hall_mission]: hall mission (mission): pad (0.0, 0.0) -> scan (35.0, 0.0) -> pad, alt 2.0 m, 1.2 m/s, clearance 0.95 m
[INFO] [1791098010.582782944] [hall_mission]: arm + offboard requested
[INFO] [1791098019.882834325] [hall_mission]: airborne at 1.8 m - starting mission
[INFO] [1791098071.517039932] [hall_mission]: LEG outbound: 51.6 s
[INFO] [1791098084.283199796] [hall_mission]: LEG scan: 12.8 s
[ERROR] [1791098183.085724262] [hall_mission]: STUCK in inbound at 32.8,-4.9
[INFO] [1791098183.086768434] [hall_mission]: === HALL MISSION ===
[INFO] [1791098183.086969457] [hall_mission]:   outbound       51.6 s
[INFO] [1791098183.087122222] [hall_mission]:   scan           12.8 s
[INFO] [1791098183.087264628] [hall_mission]:   inbound        98.8 s
[INFO] [1791098183.087446233] [hall_mission]:   TOTAL         163.2 s  (2.72 min)
[INFO] [1791098183.087606072] [hall_mission]:   decisions: stale_hold 1%, stop 3%, turn_first 15%, boxed_in 4%, go 77%
[INFO] [1791098183.088723400] [hall_mission]:   detection messages 1620, map cells 2398
[INFO] [1791098183.088923101] [hall_mission]:   global plans 142 (3 without a path), 55 ms median, 101 ms max
[INFO] [1791098183.089075107] [hall_mission]:   status: STUCK in inbound at 32.8,-4.9
Traceback (most recent call last):
  File "/home/shaash/ws_px4/install/drone_eval/lib/drone_eval/hall_mission", line 33, in <module>
    sys.exit(load_entry_point('drone-eval', 'console_scripts', 'hall_mission')())
  File "/home/shaash/ws_px4/build/drone_eval/drone_eval/hall_mission.py", line 671, in main
    rclpy.spin(n)
  File "/opt/ros/humble/local/lib/python3.10/dist-packages/rclpy/__init__.py", line 229, in spin
    executor.spin_once()
  File "/opt/ros/humble/local/lib/python3.10/dist-packages/rclpy/executors.py", line 808, in spin_once
    self._spin_once_impl(timeout_sec)
  File "/opt/ros/humble/local/lib/python3.10/dist-packages/rclpy/executors.py", line 805, in _spin_once_impl
    raise handler.exception()
  File "/opt/ros/humble/local/lib/python3.10/dist-packages/rclpy/task.py", line 272, in _execute_coroutine_step
    result = coro.send(None)
  File "/opt/ros/humble/local/lib/python3.10/dist-packages/rclpy/executors.py", line 488, in handler
    await call_coroutine(entity, arg)
  File "/opt/ros/humble/local/lib/python3.10/dist-packages/rclpy/executors.py", line 407, in _execute_subscription
    await await_or_execute(sub.callback, msg)
  File "/opt/ros/humble/local/lib/python3.10/dist-packages/rclpy/executors.py", line 110, in await_or_execute
    return callback(*args)
  File "/home/shaash/ws_px4/build/drone_eval/drone_eval/hall_mission.py", line 230, in cb_det
    self.det_log.write(json.dumps({"t_cap": t_cap, "pose": [px, py, pz, pyaw, ppitch],
ValueError: I/O operation on closed file.
[ros2run]: Process exited with failure 1
