[INFO] [1791074222.321997387] [cloud_detector]: cloud detector ready: classes shelf_rack(hue 112), machine(hue 66), pallet_stack(hue 2), pillar(hue 26)
[INFO] [1791074227.304996231] [cloud_detector]: frames 31 | detection 7.3 ms/frame
[INFO] [1791074232.304917725] [cloud_detector]: frames 79 | detection 7.2 ms/frame
[INFO] [1791074237.305104594] [cloud_detector]: frames 126 | detection 7.1 ms/frame
[INFO] [1791074242.304939727] [cloud_detector]: frames 162 | detection 6.9 ms/frame
[INFO] [1791074247.304918830] [cloud_detector]: frames 211 | detection 6.8 ms/frame
[INFO] [1791074252.305021649] [cloud_detector]: frames 259 | detection 6.8 ms/frame
[INFO] [1791074257.305311475] [cloud_detector]: frames 308 | detection 7.2 ms/frame
[INFO] [1791074262.308634272] [cloud_detector]: frames 355 | detection 7.1 ms/frame
Traceback (most recent call last):
  File "/home/shaash/ws_px4/install/drone_eval/lib/drone_eval/cloud_detector", line 33, in <module>
    sys.exit(load_entry_point('drone-eval', 'console_scripts', 'cloud_detector')())
  File "/home/shaash/ws_px4/build/drone_eval/drone_eval/cloud_detector.py", line 184, in main
    rclpy.spin(n)
  File "/opt/ros/humble/local/lib/python3.10/dist-packages/rclpy/__init__.py", line 229, in spin
    executor.spin_once()
  File "/opt/ros/humble/local/lib/python3.10/dist-packages/rclpy/executors.py", line 808, in spin_once
    self._spin_once_impl(timeout_sec)
  File "/opt/ros/humble/local/lib/python3.10/dist-packages/rclpy/executors.py", line 797, in _spin_once_impl
    handler, entity, node = self.wait_for_ready_callbacks(timeout_sec=timeout_sec)
  File "/opt/ros/humble/local/lib/python3.10/dist-packages/rclpy/executors.py", line 780, in wait_for_ready_callbacks
    return next(self._cb_iter)
  File "/opt/ros/humble/local/lib/python3.10/dist-packages/rclpy/executors.py", line 681, in _wait_for_ready_callbacks
    raise ExternalShutdownException()
rclpy.executors.ExternalShutdownException
[ros2run]: Killed
